08-10 20:31:33.388 26009 26009 W HWUI    : Image decoding logging dropped!
08-10 20:31:33.388 26009 26009 W HWUI    : Image decoding logging dropped!
08-10 20:31:34.493 26009 26009 D RuleListViewModel: Starting rule update: 'Test Rule' -> disabled
08-10 20:31:34.494 26009 26009 I CalendarAlarmScheduler_RuleAlarmManager_updateRuleEnabled: [2025-08-10 20:31:34.494][I] Updating rule 'Test Rule' enabled status: false
08-10 20:31:34.496 26009 26009 D CalendarAlarmScheduler_RuleAlarmManager_cancelAlarmsForRule: [2025-08-10 20:31:34.496][D] Cancelling all alarms for rule: Test Rule
08-10 20:31:34.500 26009 26036 V CalendarAlarmScheduler_AppDatabase: [2025-08-10 20:31:34.500][V] Query: BEGIN DEFERRED TRANSACTION with args: []
08-10 20:31:34.501 26009 26036 V CalendarAlarmScheduler_AppDatabase: [2025-08-10 20:31:34.501][V] Query: INSERT OR IGNORE INTO room_table_modification_log VALUES(1, 0) with args: []
08-10 20:31:34.502 26009 26036 V CalendarAlarmScheduler_AppDatabase: [2025-08-10 20:31:34.502][V] Query: CREATE TEMP TRIGGER IF NOT EXISTS `room_table_modification_trigger_alarms_UPDATE` AFTER UPDATE ON `alarms` BEGIN UPDATE room_table_modification_log SET invalidated = 1 WHERE table_id = 1 AND invalidated = 0; END with args: []
08-10 20:31:34.502 26009 26036 V CalendarAlarmScheduler_AppDatabase: [2025-08-10 20:31:34.502][V] Query: CREATE TEMP TRIGGER IF NOT EXISTS `room_table_modification_trigger_alarms_DELETE` AFTER DELETE ON `alarms` BEGIN UPDATE room_table_modification_log SET invalidated = 1 WHERE table_id = 1 AND invalidated = 0; END with args: []
08-10 20:31:34.503 26009 26036 V CalendarAlarmScheduler_AppDatabase: [2025-08-10 20:31:34.503][V] Query: CREATE TEMP TRIGGER IF NOT EXISTS `room_table_modification_trigger_alarms_INSERT` AFTER INSERT ON `alarms` BEGIN UPDATE room_table_modification_log SET invalidated = 1 WHERE table_id = 1 AND invalidated = 0; END with args: []
08-10 20:31:34.503 26009 26036 V CalendarAlarmScheduler_AppDatabase: [2025-08-10 20:31:34.503][V] Query: TRANSACTION SUCCESSFUL with args: []
08-10 20:31:34.504 26009 26036 V CalendarAlarmScheduler_AppDatabase: [2025-08-10 20:31:34.504][V] Query: END TRANSACTION with args: []
08-10 20:31:34.504 26009 26036 V CalendarAlarmScheduler_AppDatabase: [2025-08-10 20:31:34.504][V] Query: SELECT * FROM alarms WHERE ruleId = ? with args: [d3674e15-daaa-4942-9814-19c893db55db]
08-10 20:31:34.506 26009 26036 V CalendarAlarmScheduler_AppDatabase: [2025-08-10 20:31:34.506][V] Query: BEGIN DEFERRED TRANSACTION with args: []
08-10 20:31:34.514 26009 26036 V CalendarAlarmScheduler_AppDatabase: [2025-08-10 20:31:34.514][V] Query: DROP TRIGGER IF EXISTS `room_table_modification_trigger_alarms_UPDATE` with args: []
08-10 20:31:34.515 26009 26036 V CalendarAlarmScheduler_AppDatabase: [2025-08-10 20:31:34.514][V] Query: DROP TRIGGER IF EXISTS `room_table_modification_trigger_alarms_DELETE` with args: []
08-10 20:31:34.515 26009 26036 V CalendarAlarmScheduler_AppDatabase: [2025-08-10 20:31:34.515][V] Query: DROP TRIGGER IF EXISTS `room_table_modification_trigger_alarms_INSERT` with args: []
08-10 20:31:34.515 26009 26036 V CalendarAlarmScheduler_AppDatabase: [2025-08-10 20:31:34.515][V] Query: TRANSACTION SUCCESSFUL with args: []
08-10 20:31:34.515 26009 26036 V CalendarAlarmScheduler_AppDatabase: [2025-08-10 20:31:34.515][V] Query: END TRANSACTION with args: []
08-10 20:31:34.516 26009 26009 D CalendarAlarmScheduler_RuleAlarmManager_cancelAlarmsForRule: [2025-08-10 20:31:34.516][D] Found 1 existing alarms for rule Test Rule
08-10 20:31:34.517 26009 26035 D AlarmScheduler: Cancelled alarm for Test event
08-10 20:31:34.517 26009 26035 D AlarmScheduler: Cancelled 1 out of 1 alarms
08-10 20:31:34.517 26009 26009 D CalendarAlarmScheduler_RuleAlarmManager_cancelAlarmsForRule: [2025-08-10 20:31:34.517][D] Successfully cancelled 1 out of 1 system alarms
08-10 20:31:34.518 26009 26041 V CalendarAlarmScheduler_AppDatabase: [2025-08-10 20:31:34.518][V] Query: BEGIN DEFERRED TRANSACTION with args: []
08-10 20:31:34.519 26009 26041 V CalendarAlarmScheduler_AppDatabase: [2025-08-10 20:31:34.519][V] Query: DELETE FROM alarms WHERE ruleId = ? with args: [d3674e15-daaa-4942-9814-19c893db55db]
08-10 20:31:34.519 26009 26041 V CalendarAlarmScheduler_AppDatabase: [2025-08-10 20:31:34.519][V] Query: TRANSACTION SUCCESSFUL with args: []
08-10 20:31:34.519 26009 26041 V CalendarAlarmScheduler_AppDatabase: [2025-08-10 20:31:34.519][V] Query: END TRANSACTION with args: []
08-10 20:31:34.519 26009 26040 V CalendarAlarmScheduler_AppDatabase: [2025-08-10 20:31:34.519][V] Query: BEGIN DEFERRED TRANSACTION with args: []
08-10 20:31:34.520 26009 26040 V CalendarAlarmScheduler_AppDatabase: [2025-08-10 20:31:34.520][V] Query: SELECT * FROM room_table_modification_log WHERE invalidated = 1; with args: []
08-10 20:31:34.520 26009 26040 V CalendarAlarmScheduler_AppDatabase: [2025-08-10 20:31:34.520][V] Query: TRANSACTION SUCCESSFUL with args: []
08-10 20:31:34.520 26009 26040 V CalendarAlarmScheduler_AppDatabase: [2025-08-10 20:31:34.520][V] Query: END TRANSACTION with args: []
08-10 20:31:34.520 26009 26009 D CalendarAlarmScheduler_RuleAlarmManager_cancelAlarmsForRule: [2025-08-10 20:31:34.520][D] Deleted 1 alarm database entries for rule d3674e15-daaa-4942-9814-19c893db55db
08-10 20:31:34.521 26009 26040 V CalendarAlarmScheduler_AppDatabase: [2025-08-10 20:31:34.521][V] Query: BEGIN DEFERRED TRANSACTION with args: []
08-10 20:31:34.521 26009 26040 V CalendarAlarmScheduler_AppDatabase: [2025-08-10 20:31:34.521][V] Query: UPDATE OR ABORT `rules` SET `id` = ?,`name` = ?,`keywordPattern` = ?,`isRegex` = ?,`calendarIds` = ?,`leadTimeMinutes` = ?,`enabled` = ?,`createdAt` = ? WHERE `id` = ? with args: [d3674e15-daaa-4942-9814-19c893db55db, Test Rule, test, 0, [2,3], 30, 0, 1754881750984, d3674e15-daaa-4942-9814-19c893db55db]
08-10 20:31:34.522 26009 26040 V CalendarAlarmScheduler_AppDatabase: [2025-08-10 20:31:34.522][V] Query: TRANSACTION SUCCESSFUL with args: []
08-10 20:31:34.522 26009 26040 V CalendarAlarmScheduler_AppDatabase: [2025-08-10 20:31:34.522][V] Query: END TRANSACTION with args: []
08-10 20:31:34.522 26009 26040 V CalendarAlarmScheduler_AppDatabase: [2025-08-10 20:31:34.522][V] Query: BEGIN DEFERRED TRANSACTION with args: []
08-10 20:31:34.524 26009 26040 V CalendarAlarmScheduler_AppDatabase: [2025-08-10 20:31:34.524][V] Query: SELECT * FROM room_table_modification_log WHERE invalidated = 1; with args: []
08-10 20:31:34.524 26009 26009 I CalendarAlarmScheduler_RuleAlarmManager_cancelAlarmsForRule: [2025-08-10 20:31:34.523][I] Successfully disabled rule 'Test Rule' and cancelled 1 alarms
08-10 20:31:34.527 26009 26009 I RuleListViewModel: Rule 'Test Rule' disabled: Rule disabled and 1 alarm(s) cancelled
08-10 20:31:34.533 26009 26040 V CalendarAlarmScheduler_AppDatabase: [2025-08-10 20:31:34.533][V] Query: TRANSACTION SUCCESSFUL with args: []
08-10 20:31:34.534 26009 26040 V CalendarAlarmScheduler_AppDatabase: [2025-08-10 20:31:34.534][V] Query: END TRANSACTION with args: []
08-10 20:31:34.535 26009 26041 V CalendarAlarmScheduler_AppDatabase: [2025-08-10 20:31:34.535][V] Query: SELECT * FROM rules ORDER BY createdAt DESC with args: []
08-10 20:31:34.537 26009 26060 V CalendarAlarmScheduler_AppDatabase: [2025-08-10 20:31:34.537][V] Query: SELECT * FROM rules ORDER BY createdAt DESC with args: []
08-10 20:31:35.039 26009 26009 D EventPreviewViewModel: Rules changed - triggering READ-ONLY refresh (includeAlarmScheduling=false)
08-10 20:31:35.040 26009 26036 V CalendarAlarmScheduler_AppDatabase: [2025-08-10 20:31:35.040][V] Query: SELECT * FROM alarms WHERE userDismissed = 0 AND alarmTimeUtc > ? ORDER BY alarmTimeUtc ASC with args: [1754883095039]
08-10 20:31:35.041 26009 26009 D EventPreviewViewModel: Starting unified refresh (scheduling: false)
08-10 20:31:35.041 26009 26009 D EventPreviewViewModel: Performing READ-ONLY refresh (no alarm scheduling)
08-10 20:31:35.043   625   997 D BackgroundInstallControlService: Package event received: 0
08-10 20:31:35.047 26009 26035 D CalendarRepository: Retrieved 5 upcoming events
08-10 20:31:35.048 26009 26009 D EventPreviewViewModel: Unified refresh completed successfully
08-10 20:31:35.323  1226  1437 D SatelliteController: iisInCarrierRoamingNbIotNtn: satellite is disabled
08-10 20:31:35.940   625   785 D ActivityManager: freezing 25806 com.google.android.permissioncontroller
08-10 20:31:35.942   625   952 D InetDiagMessage: Destroyed 0 sockets, proto=IPPROTO_TCP, family=AF_INET, states=14
08-10 20:31:35.942   625   952 D InetDiagMessage: Destroyed 0 sockets, proto=IPPROTO_TCP, family=AF_INET6, states=14
08-10 20:31:35.942   625   952 D InetDiagMessage: Destroyed live tcp sockets for uids={10193} in 1ms
08-10 20:31:36.841  6144  6144 D BoundBrokerSvc: onUnbind: Intent { act=com.google.android.gms.auth.service.START xflg=0x4 pkg=com.google.android.gms }
08-10 20:31:37.794 26009 26009 D RuleListViewModel: Starting rule update: 'Test Rule' -> enabled
08-10 20:31:37.797 26009 26009 I CalendarAlarmScheduler_RuleAlarmManager_updateRuleEnabled: [2025-08-10 20:31:37.797][I] Updating rule 'Test Rule' enabled status: true
08-10 20:31:37.799 26009 26009 D CalendarAlarmScheduler_RuleAlarmManager_rescheduleAlarmsForRule: [2025-08-10 20:31:37.798][D] Rescheduling alarms for enabled rule: Test Rule
08-10 20:31:37.812 26009 26040 V CalendarAlarmScheduler_AppDatabase: [2025-08-10 20:31:37.805][V] Query: BEGIN DEFERRED TRANSACTION with args: []
08-10 20:31:37.813 26009 26040 V CalendarAlarmScheduler_AppDatabase: [2025-08-10 20:31:37.813][V] Query: UPDATE OR ABORT `rules` SET `id` = ?,`name` = ?,`keywordPattern` = ?,`isRegex` = ?,`calendarIds` = ?,`leadTimeMinutes` = ?,`enabled` = ?,`createdAt` = ? WHERE `id` = ? with args: [d3674e15-daaa-4942-9814-19c893db55db, Test Rule, test, 0, [2,3], 30, 1, 1754881750984, d3674e15-daaa-4942-9814-19c893db55db]
08-10 20:31:37.814 26009 26040 V CalendarAlarmScheduler_AppDatabase: [2025-08-10 20:31:37.814][V] Query: TRANSACTION SUCCESSFUL with args: []
08-10 20:31:37.814 26009 26040 V CalendarAlarmScheduler_AppDatabase: [2025-08-10 20:31:37.814][V] Query: END TRANSACTION with args: []
08-10 20:31:37.814 26009 26060 V CalendarAlarmScheduler_AppDatabase: [2025-08-10 20:31:37.814][V] Query: BEGIN DEFERRED TRANSACTION with args: []
08-10 20:31:37.815 26009 26060 V CalendarAlarmScheduler_AppDatabase: [2025-08-10 20:31:37.815][V] Query: SELECT * FROM room_table_modification_log WHERE invalidated = 1; with args: []
08-10 20:31:37.815 26009 26009 D CalendarAlarmScheduler_RuleAlarmManager_rescheduleAlarmsForRule: [2025-08-10 20:31:37.815][D] Updated rule 'Test Rule' to enabled status
08-10 20:31:37.818 26009 26060 V CalendarAlarmScheduler_AppDatabase: [2025-08-10 20:31:37.817][V] Query: TRANSACTION SUCCESSFUL with args: []
08-10 20:31:37.818 26009 26060 V CalendarAlarmScheduler_AppDatabase: [2025-08-10 20:31:37.818][V] Query: END TRANSACTION with args: []
08-10 20:31:37.819 26009 26041 V CalendarAlarmScheduler_AppDatabase: [2025-08-10 20:31:37.819][V] Query: SELECT * FROM rules ORDER BY createdAt DESC with args: []
08-10 20:31:37.821 26009 26060 V CalendarAlarmScheduler_AppDatabase: [2025-08-10 20:31:37.820][V] Query: SELECT * FROM rules ORDER BY createdAt DESC with args: []
08-10 20:31:37.822 26009 26035 D CalendarRepository: Retrieved 5 upcoming events
08-10 20:31:37.827 26009 26009 D CalendarAlarmScheduler_RuleAlarmManager_rescheduleAlarmsForRule: [2025-08-10 20:31:37.827][D] Found 1 matching events for rule 'Test Rule'
08-10 20:31:37.830 26009 26060 V CalendarAlarmScheduler_AppDatabase: [2025-08-10 20:31:37.830][V] Query: BEGIN DEFERRED TRANSACTION with args: []
08-10 20:31:37.830 26009 26060 V CalendarAlarmScheduler_AppDatabase: [2025-08-10 20:31:37.830][V] Query: INSERT OR IGNORE INTO room_table_modification_log VALUES(1, 0) with args: []
08-10 20:31:37.832 26009 26060 V CalendarAlarmScheduler_AppDatabase: [2025-08-10 20:31:37.832][V] Query: CREATE TEMP TRIGGER IF NOT EXISTS `room_table_modification_trigger_alarms_UPDATE` AFTER UPDATE ON `alarms` BEGIN UPDATE room_table_modification_log SET invalidated = 1 WHERE table_id = 1 AND invalidated = 0; END with args: []
08-10 20:31:37.833 26009 26060 V CalendarAlarmScheduler_AppDatabase: [2025-08-10 20:31:37.833][V] Query: CREATE TEMP TRIGGER IF NOT EXISTS `room_table_modification_trigger_alarms_DELETE` AFTER DELETE ON `alarms` BEGIN UPDATE room_table_modification_log SET invalidated = 1 WHERE table_id = 1 AND invalidated = 0; END with args: []
08-10 20:31:37.833 26009 26060 V CalendarAlarmScheduler_AppDatabase: [2025-08-10 20:31:37.833][V] Query: CREATE TEMP TRIGGER IF NOT EXISTS `room_table_modification_trigger_alarms_INSERT` AFTER INSERT ON `alarms` BEGIN UPDATE room_table_modification_log SET invalidated = 1 WHERE table_id = 1 AND invalidated = 0; END with args: []
08-10 20:31:37.833 26009 26060 V CalendarAlarmScheduler_AppDatabase: [2025-08-10 20:31:37.833][V] Query: TRANSACTION SUCCESSFUL with args: []
08-10 20:31:37.834 26009 26060 V CalendarAlarmScheduler_AppDatabase: [2025-08-10 20:31:37.833][V] Query: END TRANSACTION with args: []
08-10 20:31:37.834 26009 26060 V CalendarAlarmScheduler_AppDatabase: [2025-08-10 20:31:37.834][V] Query: SELECT * FROM alarms ORDER BY alarmTimeUtc ASC with args: []
08-10 20:31:37.835 26009 26060 V CalendarAlarmScheduler_AppDatabase: [2025-08-10 20:31:37.835][V] Query: BEGIN DEFERRED TRANSACTION with args: []
08-10 20:31:37.835 26009 26060 V CalendarAlarmScheduler_AppDatabase: [2025-08-10 20:31:37.835][V] Query: DROP TRIGGER IF EXISTS `room_table_modification_trigger_alarms_UPDATE` with args: []
08-10 20:31:37.835 26009 26060 V CalendarAlarmScheduler_AppDatabase: [2025-08-10 20:31:37.835][V] Query: DROP TRIGGER IF EXISTS `room_table_modification_trigger_alarms_DELETE` with args: []
08-10 20:31:37.835 26009 26060 V CalendarAlarmScheduler_AppDatabase: [2025-08-10 20:31:37.835][V] Query: DROP TRIGGER IF EXISTS `room_table_modification_trigger_alarms_INSERT` with args: []
08-10 20:31:37.836 26009 26060 V CalendarAlarmScheduler_AppDatabase: [2025-08-10 20:31:37.836][V] Query: TRANSACTION SUCCESSFUL with args: []
08-10 20:31:37.836 26009 26060 V CalendarAlarmScheduler_AppDatabase: [2025-08-10 20:31:37.836][V] Query: END TRANSACTION with args: []
08-10 20:31:37.836 26009 26009 D CalendarAlarmScheduler_RuleAlarmManager_rescheduleAlarmsForRule: [2025-08-10 20:31:37.836][D] After filtering dismissed alarms: 1 matches to process
08-10 20:31:37.836 26009 26009 D CalendarAlarmScheduler_RuleAlarmManager_rescheduleAlarmsForRule_processMatches: [2025-08-10 20:31:37.836][D] Processing 1 matches for alarm scheduling
08-10 20:31:37.837 26009 26040 V CalendarAlarmScheduler_AppDatabase: [2025-08-10 20:31:37.837][V] Query: SELECT * FROM alarms WHERE eventId = ? AND ruleId = ? with args: [144, d3674e15-daaa-4942-9814-19c893db55db]
08-10 20:31:37.838 26009 26035 D AlarmScheduler: ✓ Verified alarm scheduled for Test event at 2025-08-11T12:30-07:00[America/Los_Angeles] (RequestCode: -709213980)
08-10 20:31:37.839 26009 26041 V CalendarAlarmScheduler_AppDatabase: [2025-08-10 20:31:37.839][V] Query: BEGIN DEFERRED TRANSACTION with args: []
08-10 20:31:37.847 26009 26041 V CalendarAlarmScheduler_AppDatabase: [2025-08-10 20:31:37.847][V] Query: INSERT OR REPLACE INTO `alarms` (`id`,`eventId`,`ruleId`,`eventTitle`,`eventStartTimeUtc`,`alarmTimeUtc`,`scheduledAt`,`userDismissed`,`pendingIntentRequestCode`,`lastEventModified`) VALUES (?,?,?,?,?,?,?,?,?,?) with args: [c1166999-c4af-4b58-a377-4591f10b708f, 144, d3674e15-daaa-4942-9814-19c893db55db, Test event, 1754942400000, 1754940600000, 1754883097839, 0, -1846910967, 1754946000000]
08-10 20:31:37.849 26009 26009 D RuleListViewModel: Ignoring duplicate operation for rule 'Test Rule' (enable)
08-10 20:31:37.853 26009 26041 V CalendarAlarmScheduler_AppDatabase: [2025-08-10 20:31:37.853][V] Query: TRANSACTION SUCCESSFUL with args: []
08-10 20:31:37.853 26009 26041 V CalendarAlarmScheduler_AppDatabase: [2025-08-10 20:31:37.853][V] Query: END TRANSACTION with args: []
08-10 20:31:37.853 26009 26041 V CalendarAlarmScheduler_AppDatabase: [2025-08-10 20:31:37.853][V] Query: BEGIN DEFERRED TRANSACTION with args: []
08-10 20:31:37.854 26009 26041 V CalendarAlarmScheduler_AppDatabase: [2025-08-10 20:31:37.854][V] Query: SELECT * FROM room_table_modification_log WHERE invalidated = 1; with args: []
08-10 20:31:37.854 26009 26041 V CalendarAlarmScheduler_AppDatabase: [2025-08-10 20:31:37.854][V] Query: TRANSACTION SUCCESSFUL with args: []
08-10 20:31:37.854 26009 26041 V CalendarAlarmScheduler_AppDatabase: [2025-08-10 20:31:37.854][V] Query: END TRANSACTION with args: []
08-10 20:31:37.858 26009 26009 D CalendarAlarmScheduler_RuleAlarmManager_rescheduleAlarmsForRule_processMatches: [2025-08-10 20:31:37.858][D] Scheduled new alarm for event: Test event
08-10 20:31:37.861 26009 26040 V CalendarAlarmScheduler_AppDatabase: [2025-08-10 20:31:37.860][V] Query: BEGIN DEFERRED TRANSACTION with args: []
08-10 20:31:37.862 26009 26040 V CalendarAlarmScheduler_AppDatabase: [2025-08-10 20:31:37.862][V] Query: DELETE FROM alarms WHERE alarmTimeUtc < ? with args: [1754796697858]
08-10 20:31:37.862 26009 26040 V CalendarAlarmScheduler_AppDatabase: [2025-08-10 20:31:37.862][V] Query: TRANSACTION SUCCESSFUL with args: []
08-10 20:31:37.862 26009 26040 V CalendarAlarmScheduler_AppDatabase: [2025-08-10 20:31:37.862][V] Query: END TRANSACTION with args: []
08-10 20:31:37.862 26009 26040 V CalendarAlarmScheduler_AppDatabase: [2025-08-10 20:31:37.862][V] Query: BEGIN DEFERRED TRANSACTION with args: []
08-10 20:31:37.863 26009 26040 V CalendarAlarmScheduler_AppDatabase: [2025-08-10 20:31:37.863][V] Query: SELECT * FROM room_table_modification_log WHERE invalidated = 1; with args: []
08-10 20:31:37.863 26009 26040 V CalendarAlarmScheduler_AppDatabase: [2025-08-10 20:31:37.863][V] Query: TRANSACTION SUCCESSFUL with args: []
08-10 20:31:37.864 26009 26040 V CalendarAlarmScheduler_AppDatabase: [2025-08-10 20:31:37.864][V] Query: END TRANSACTION with args: []
08-10 20:31:37.876 26009 26009 I CalendarAlarmScheduler_RuleAlarmManager_rescheduleAlarmsForRule_processMatches: [2025-08-10 20:31:37.876][I] Alarm scheduling completed. Scheduled: 1, Updated: 0, Skipped: 0, Failed: 0 (Total: 1)
08-10 20:31:37.876 26009 26009 I CalendarAlarmScheduler_RuleAlarmManager_rescheduleAlarmsForRule: [2025-08-10 20:31:37.876][I] Successfully enabled rule 'Test Rule' and scheduled 1 alarm(s)
08-10 20:31:37.879 26009 26009 I RuleListViewModel: Rule 'Test Rule' enabled: Rule enabled and 1 alarm(s) scheduled
08-10 20:31:38.331 26009 26009 D EventPreviewViewModel: Rules changed - triggering READ-ONLY refresh (includeAlarmScheduling=false)
08-10 20:31:38.332 26009 26041 V CalendarAlarmScheduler_AppDatabase: [2025-08-10 20:31:38.332][V] Query: SELECT * FROM alarms WHERE userDismissed = 0 AND alarmTimeUtc > ? ORDER BY alarmTimeUtc ASC with args: [1754883098332]
08-10 20:31:38.334 26009 26009 D EventPreviewViewModel: Starting unified refresh (scheduling: false)
08-10 20:31:38.334 26009 26009 D EventPreviewViewModel: Performing READ-ONLY refresh (no alarm scheduling)
08-10 20:31:38.337 26009 26035 D CalendarRepository: Retrieved 5 upcoming events
08-10 20:31:38.338 26009 26009 D EventPreviewViewModel: Alarm not found in system - Event: Test event, ID: c1166999-c4af-4b58-a377-4591f10b708f, RequestCode: -1846910967, AlarmTime: 2025-08-11 12:30:00
08-10 20:31:38.338 26009 26009 D EventPreviewViewModel: Unified refresh completed successfully
08-10 20:31:38.628   625  1148 W NotificationService: Toast already killed. pkg=com.example.calendaralarmscheduler token=android.os.BinderProxy@a576960
08-10 20:31:40.750 26072 26072 W dumpsys : Thread Pool max thread count is 0. Cannot cache binder as linkToDeath cannot be implemented. serviceName: package
08-10 20:31:40.780 20226 20608 I artd    : GetBestInfo: odex next to the dex file (/data/app/~~mkIXu9W4VZvEd3OV6XGqTg==/com.google.android.gms-5U64AU7crN-RFJ_54grGRQ==/oat/arm64/base.odex) is kOatUpToDate with filter 'speed-profile' executable 'false'
08-10 20:31:40.781 20226 21047 I artd    : GetBestInfo: odex next to the dex file (/data/app/~~mkIXu9W4VZvEd3OV6XGqTg==/com.google.android.gms-5U64AU7crN-RFJ_54grGRQ==/oat/arm64/split_AdsDynamite_installtime.odex) is kOatUpToDate with filter 'speed' executable 'false'
08-10 20:31:40.782 20226 20608 I artd    : GetBestInfo: odex next to the dex file (/data/app/~~mkIXu9W4VZvEd3OV6XGqTg==/com.google.android.gms-5U64AU7crN-RFJ_54grGRQ==/oat/arm64/split_CronetDynamite_installtime.odex) is kOatUpToDate with filter 'speed' executable 'false'
