08-10 20:31:18.505  1036  1118 V WindowManagerShell: Track 0 became idle
08-10 20:31:18.505  1036  1118 V WindowManagerShell: All active transition animations finished
08-10 20:31:18.512  1307  1307 D b/387844520: getOutlineOffsetX: measured width = 173, mNormalizedIconSize = 159, last updated width = 173
08-10 20:31:18.518  1307  1307 D VRI[NexusLauncherActivity]: visibilityChanged oldVisibility=true newVisibility=false
08-10 20:31:18.519  1307  1307 D NexusLauncherModelDelegate: notifySmartspaceEvent: SmartspaceTargetEvent{mSmartspaceTarget=null, mSmartspaceActionId='null', mEventType=7}
08-10 20:31:18.520 26009 26009 I CalendarAlarmScheduler_SettingsRepository: [2025-08-10 20:31:18.496][I] SettingsRepository initialized
08-10 20:31:18.526 26009 26009 D CalendarAlarmScheduler_SettingsRepository: [2025-08-10 20:31:18.525][D] Settings are up to date (version 1)
08-10 20:31:18.530 26009 26009 I CalendarAlarmScheduler_SettingsRepository: [2025-08-10 20:31:18.529][I] Initial StateFlow values - refresh: 30min, all-day: 20:0
08-10 20:31:18.545 26009 26009 I CalendarAlarmScheduler_RuleRepository: [2025-08-10 20:31:18.543][I] RuleRepository initialized
08-10 20:31:18.551 26009 26009 I CalendarAlarmScheduler_Logger: [2025-08-10 20:31:18.551][I] Logger initialized - Debug: true, API: 36
08-10 20:31:18.554 26009 26009 I CalendarAlarmScheduler_Application: [2025-08-10 20:31:18.554][I] Starting CalendarAlarmApplication initialization - Debug: true
08-10 20:31:18.555 26009 26009 I CalendarAlarmScheduler_CrashHandler: [2025-08-10 20:31:18.555][I] Crash handler initialized
08-10 20:31:18.559 26009 26009 I CalendarAlarmScheduler_Application: [2025-08-10 20:31:18.559][I] === System Info ===
08-10 20:31:18.559 26009 26009 I CalendarAlarmScheduler_Application: API Level: 36
08-10 20:31:18.559 26009 26009 I CalendarAlarmScheduler_Application: Brand: google
08-10 20:31:18.559 26009 26009 I CalendarAlarmScheduler_Application: Model: sdk_gphone64_arm64
08-10 20:31:18.559 26009 26009 I CalendarAlarmScheduler_Application: Manufacturer: Google
08-10 20:31:18.559 26009 26009 I CalendarAlarmScheduler_Application: Available Memory: 186MB
08-10 20:31:18.559 26009 26009 I CalendarAlarmScheduler_Application: Free Storage: 4303MB
08-10 20:31:18.559 26009 26009 I CalendarAlarmScheduler_Application: === End System Info ===
08-10 20:31:18.559 26009 26009 I CalendarAlarmScheduler_Application: 
08-10 20:31:18.560 26009 26009 I CalendarAlarmScheduler_SettingsRepository: [2025-08-10 20:31:18.560][I] Refresh interval change callback set
08-10 20:31:18.563 26009 26009 I CalendarAlarmScheduler_WorkerManager: [2025-08-10 20:31:18.562][I] Scheduling periodic calendar refresh with interval: 30 minutes
08-10 20:31:18.567 26009 26009 I CalendarAlarmScheduler_WorkerManager: [2025-08-10 20:31:18.567][I] Periodic calendar refresh scheduled successfully with 30-minute interval
08-10 20:31:18.570 26009 26009 W CalendarAlarmScheduler_BackgroundUsageDetector: [2025-08-10 20:31:18.569][W] No session cache available, using basic fallback detection
08-10 20:31:18.571 26009 26009 I CalendarAlarmScheduler_WorkerManager: [2025-08-10 20:31:18.570][I] ✅ Background usage allowed via FALLBACK - background work should run reliably
08-10 20:31:18.574 26009 26009 W CalendarAlarmScheduler_BackgroundUsageDetector: [2025-08-10 20:31:18.574][W] No session cache available, using basic fallback detection
08-10 20:31:18.575 26009 26009 D CalendarAlarmScheduler_WorkerManager: [2025-08-10 20:31:18.575][D] Background usage check:
08-10 20:31:18.576 26009 26009 D CalendarAlarmScheduler_WorkerManager: [2025-08-10 20:31:18.575][D]   Allowed: true
08-10 20:31:18.577 26009 26009 D CalendarAlarmScheduler_WorkerManager: [2025-08-10 20:31:18.576][D]   Method: FALLBACK
08-10 20:31:18.578 26009 26009 D CalendarAlarmScheduler_WorkerManager: [2025-08-10 20:31:18.577][D]   API Level: 36
08-10 20:31:18.579 26009 26009 W CalendarAlarmScheduler_BackgroundUsageDetector: [2025-08-10 20:31:18.578][W] No session cache available, using basic fallback detection
08-10 20:31:18.580 26009 26009 W CalendarAlarmScheduler_WorkerManager: [2025-08-10 20:31:18.580][W] Doze mode warning: App may experience delays in background work during Doze mode
08-10 20:31:18.582 26009 26009 W CalendarAlarmScheduler_WorkerManager: [2025-08-10 20:31:18.582][W] Recommendation: Request user to whitelist app from battery optimization
08-10 20:31:18.583 26009 26009 W CalendarAlarmScheduler_BackgroundUsageDetector: [2025-08-10 20:31:18.583][W] No session cache available, using basic fallback detection
08-10 20:31:18.584 26009 26009 D CalendarAlarmScheduler_WorkerManager: [2025-08-10 20:31:18.584][D] Background usage check:
08-10 20:31:18.585 26009 26009 D CalendarAlarmScheduler_WorkerManager: [2025-08-10 20:31:18.584][D]   Allowed: true
08-10 20:31:18.586 26009 26009 D CalendarAlarmScheduler_WorkerManager: [2025-08-10 20:31:18.585][D]   Method: FALLBACK
08-10 20:31:18.587 26009 26009 D CalendarAlarmScheduler_WorkerManager: [2025-08-10 20:31:18.586][D]   API Level: 36
08-10 20:31:18.588 26009 26009 W CalendarAlarmScheduler_BackgroundUsageDetector: [2025-08-10 20:31:18.587][W] No session cache available, using basic fallback detection
08-10 20:31:18.589 26009 26009 W CalendarAlarmScheduler_BackgroundUsageDetector: [2025-08-10 20:31:18.589][W] No session cache available, using basic fallback detection
08-10 20:31:18.590 26009 26009 D CalendarAlarmScheduler_WorkerManager: [2025-08-10 20:31:18.590][D] Background usage check:
08-10 20:31:18.591 26009 26009 D CalendarAlarmScheduler_WorkerManager: [2025-08-10 20:31:18.591][D]   Allowed: true
08-10 20:31:18.593 26009 26009 D CalendarAlarmScheduler_WorkerManager: [2025-08-10 20:31:18.592][D]   Method: FALLBACK
08-10 20:31:18.594 26009 26009 D CalendarAlarmScheduler_WorkerManager: [2025-08-10 20:31:18.593][D]   API Level: 36
08-10 20:31:18.595 26009 26009 W CalendarAlarmScheduler_BackgroundUsageDetector: [2025-08-10 20:31:18.594][W] No session cache available, using basic fallback detection
08-10 20:31:18.596 26009 26009 I CalendarAlarmScheduler_DozeCompatibility: [2025-08-10 20:31:18.595][I] === Doze Mode Compatibility Status ===
08-10 20:31:18.597 26009 26009 I CalendarAlarmScheduler_DozeCompatibility: [2025-08-10 20:31:18.596][I] Device API Level: 36
08-10 20:31:18.599 26009 26009 I CalendarAlarmScheduler_DozeCompatibility: [2025-08-10 20:31:18.598][I] Supports Doze Mode: true
08-10 20:31:18.600 26009 26009 I CalendarAlarmScheduler_DozeCompatibility: [2025-08-10 20:31:18.599][I] Currently in Doze Mode: false
08-10 20:31:18.601 26009 26009 I CalendarAlarmScheduler_DozeCompatibility: [2025-08-10 20:31:18.600][I] App Whitelisted: false
08-10 20:31:18.602 26009 26009 I CalendarAlarmScheduler_DozeCompatibility: [2025-08-10 20:31:18.601][I] Battery Optimization Ignored: true
08-10 20:31:18.603 26009 26009 I CalendarAlarmScheduler_DozeCompatibility: [2025-08-10 20:31:18.602][I] Background Usage Method: FALLBACK
08-10 20:31:18.604 26009 26009 I CalendarAlarmScheduler_DozeCompatibility: [2025-08-10 20:31:18.603][I] Background Usage Allowed: true
08-10 20:31:18.605 26009 26009 I CalendarAlarmScheduler_DozeCompatibility: [2025-08-10 20:31:18.604][I] Compatibility Test Result: App may experience delays in background work during Doze mode
08-10 20:31:18.606 26009 26009 I CalendarAlarmScheduler_DozeCompatibility: [2025-08-10 20:31:18.605][I] Severity: MEDIUM
08-10 20:31:18.607 26009 26009 W CalendarAlarmScheduler_DozeCompatibility: [2025-08-10 20:31:18.607][W] Issues found:
08-10 20:31:18.608 26009 26009 W CalendarAlarmScheduler_DozeCompatibility: [2025-08-10 20:31:18.607][W]   - App is not whitelisted from battery optimization
08-10 20:31:18.610 26009 26009 I CalendarAlarmScheduler_DozeCompatibility: [2025-08-10 20:31:18.609][I] Recommendations:
08-10 20:31:18.611 26009 26009 I CalendarAlarmScheduler_DozeCompatibility: [2025-08-10 20:31:18.610][I]   - Request user to whitelist app from battery optimization
08-10 20:31:18.612 26009 26009 I CalendarAlarmScheduler_DozeCompatibility: [2025-08-10 20:31:18.611][I] =====================================
08-10 20:31:18.613 26009 26009 I CalendarAlarmScheduler_Application: [2025-08-10 20:31:18.612][I] Background calendar refresh worker scheduled successfully with 30-minute interval
08-10 20:31:18.616 26009 26009 I CalendarAlarmScheduler_SettingsRepository: [2025-08-10 20:31:18.615][I] Current settings:
08-10 20:31:18.617 26009 26009 I CalendarAlarmScheduler_SettingsRepository: [2025-08-10 20:31:18.616][I]   refreshIntervalMinutes: 30
08-10 20:31:18.618 26009 26009 I CalendarAlarmScheduler_SettingsRepository: [2025-08-10 20:31:18.618][I]   allDayDefaultHour: 20
08-10 20:31:18.619 26009 26009 I CalendarAlarmScheduler_SettingsRepository: [2025-08-10 20:31:18.619][I]   allDayDefaultMinute: 0
08-10 20:31:18.620 26009 26009 I CalendarAlarmScheduler_SettingsRepository: [2025-08-10 20:31:18.620][I]   allDayDefaultTimeFormatted: 8:00 PM
08-10 20:31:18.622 26009 26009 I CalendarAlarmScheduler_SettingsRepository: [2025-08-10 20:31:18.621][I]   onboardingCompleted: false
08-10 20:31:18.623 26009 26009 I CalendarAlarmScheduler_SettingsRepository: [2025-08-10 20:31:18.622][I]   firstLaunch: true
08-10 20:31:18.624 26009 26009 I CalendarAlarmScheduler_SettingsRepository: [2025-08-10 20:31:18.623][I]   refreshIntervalDescription: 30 minutes (Default - recommended)
08-10 20:31:18.625 26009 26009 I CalendarAlarmScheduler_SettingsRepository: [2025-08-10 20:31:18.624][I]   lastSyncTime: 0
08-10 20:31:18.626 26009 26009 I CalendarAlarmScheduler_SettingsRepository: [2025-08-10 20:31:18.626][I]   hasEverSynced: false
08-10 20:31:18.627   625  1148 D CompatChangeReporter: Compat change id reported: 161145287; UID 10259; state: ENABLED
08-10 20:31:18.628 26009 26009 I CalendarAlarmScheduler_Application: [2025-08-10 20:31:18.627][I] Timezone change listener registered successfully
08-10 20:31:18.630 26009 26009 I CalendarAlarmScheduler_Performance_Application: [2025-08-10 20:31:18.630][I] Application.onCreate() took 167ms
08-10 20:31:18.631 26009 26009 I CalendarAlarmScheduler_Application: [2025-08-10 20:31:18.631][I] CalendarAlarmApplication initialization completed successfully in 167ms
08-10 20:31:18.633   625  1148 I AppsFilter: interaction: PackageSetting{43a529d com.example.calendaralarmscheduler/10259} -> PackageSetting{59a6219 com.google.android.apps.nexuslauncher/10182} BLOCKED
08-10 20:31:18.633   625  1148 W OptProp : Cannot read opt property android.window.PROPERTY_COMPAT_ENABLE_FAKE_FOCUS
08-10 20:31:18.643   625   997 D BackgroundInstallControlService: Package event received: 0
08-10 20:31:18.644   625   997 D BackgroundInstallControlService: Package event received: 0
08-10 20:31:18.645 26009 26034 I CalendarAlarmScheduler_BackgroundUsageDetector: [2025-08-10 20:31:18.645][I] === Initializing Background Usage Session Cache (Background Thread) ===
08-10 20:31:18.652 26009 26034 I CalendarAlarmScheduler_BackgroundUsageDetector: [2025-08-10 20:31:18.651][I] Device: Google sdk_gphone64_arm64
08-10 20:31:18.655 26009 26037 I DisplayManager: Choreographer implicitly registered for the refresh rate.
08-10 20:31:18.655 26009 26009 I ralarmscheduler: AssetManager2(0xb4000075d12285b8) locale list changing from [] to [en-US]
08-10 20:31:18.657 26009 26034 I CalendarAlarmScheduler_BackgroundUsageDetector: [2025-08-10 20:31:18.657][I] Android API: 36
08-10 20:31:18.674 26009 26034 I CalendarAlarmScheduler_BackgroundUsageDetector: [2025-08-10 20:31:18.674][I] Package: com.example.calendaralarmscheduler
08-10 20:31:18.683 26009 26009 D AppCompatDelegate: Checking for metadata for AppLocalesMetadataHolderService : Service not found
08-10 20:31:18.683 26009 26009 I ralarmscheduler: AssetManager2(0xb4000075d1234a98) locale list changing from [] to [en-US]
08-10 20:31:18.690 26009 26009 D CalendarAlarmScheduler_Lifecycle_MainActivity: [2025-08-10 20:31:18.689][D] onCreate - Starting MainActivity initialization
08-10 20:31:18.696 26009 26036 D CalendarAlarmScheduler_AppDatabase: [2025-08-10 20:31:18.696][D] Database opened - version: 2
08-10 20:31:18.708 26009 26034 D CalendarAlarmScheduler_BackgroundUsageDetector: [2025-08-10 20:31:18.699][D] Checking background usage for API level 36
08-10 20:31:18.710 26009 26009 D CalendarAlarmScheduler_MainActivity: [2025-08-10 20:31:18.703][D] super.onCreate() completed successfully
08-10 20:31:18.711 26009 26009 D CalendarAlarmScheduler_MainActivity: [2025-08-10 20:31:18.711][D] Inflating ActivityMainBinding
08-10 20:31:18.717 26009 26034 D CalendarAlarmScheduler_BackgroundUsageDetector: [2025-08-10 20:31:18.717][D] Legacy battery optimization - ignored: false
08-10 20:31:18.733 26009 26036 V CalendarAlarmScheduler_AppDatabase: [2025-08-10 20:31:18.719][V] Query: BEGIN DEFERRED TRANSACTION with args: []
08-10 20:31:18.743 26009 26034 D CalendarAlarmScheduler_BackgroundUsageDetector: [2025-08-10 20:31:18.739][D] App standby bucket: 10, allowed: true
08-10 20:31:18.758 26009 26036 V CalendarAlarmScheduler_AppDatabase: [2025-08-10 20:31:18.758][V] Query: DELETE FROM alarms WHERE alarmTimeUtc < ? with args: [1754796678644]
08-10 20:31:18.762 26009 26036 V CalendarAlarmScheduler_AppDatabase: [2025-08-10 20:31:18.762][V] Query: TRANSACTION SUCCESSFUL with args: []
08-10 20:31:18.786 26009 26036 V CalendarAlarmScheduler_AppDatabase: [2025-08-10 20:31:18.786][V] Query: END TRANSACTION with args: []
08-10 20:31:18.791 26009 26034 D CalendarAlarmScheduler_BackgroundUsageDetector: [2025-08-10 20:31:18.774][D] Background restricted: false
08-10 20:31:18.792 26009 26037 I EGL_emulation: Opening libGLESv1_CM_emulation.so
08-10 20:31:18.792 26009 26038 D CompatChangeReporter: Compat change id reported: 253665015; UID 10259; state: ENABLED
08-10 20:31:18.793   625  1148 D CompatChangeReporter: Compat change id reported: 253665015; UID 10259; state: ENABLED
08-10 20:31:18.794 26009 26037 I EGL_emulation: Opening libGLESv2_emulation.so
08-10 20:31:18.815 26009 26034 D CalendarAlarmScheduler_BackgroundUsageDetector: [2025-08-10 20:31:18.815][D] AppOps background check - mode: 3, allowed: false
08-10 20:31:18.819 26009 26037 W HWUI    : Failed to choose config with EGL_SWAP_BEHAVIOR_PRESERVED, retrying without...
08-10 20:31:18.821 26009 26037 W HWUI    : Failed to initialize 101010-2 format, error = EGL_SUCCESS
08-10 20:31:18.825 26009 26040 V CalendarAlarmScheduler_AppDatabase: [2025-08-10 20:31:18.816][V] Query: BEGIN DEFERRED TRANSACTION with args: []
08-10 20:31:18.830 26009 26040 V CalendarAlarmScheduler_AppDatabase: [2025-08-10 20:31:18.829][V] Query: SELECT * FROM room_table_modification_log WHERE invalidated = 1; with args: []
08-10 20:31:18.842 26009 26034 D CalendarAlarmScheduler_BackgroundUsageDetector: [2025-08-10 20:31:18.820][D] Analyzing 5 detection results:
08-10 20:31:18.844 26009 26034 D CalendarAlarmScheduler_BackgroundUsageDetector: [2025-08-10 20:31:18.843][D]   LEGACY_BATTERY_OPTIMIZATION: false
08-10 20:31:18.848 26009 26034 D CalendarAlarmScheduler_BackgroundUsageDetector: [2025-08-10 20:31:18.848][D]   APP_STANDBY_BUCKET: true
08-10 20:31:18.851 26009 26009 D CalendarAlarmScheduler_MainActivity: [2025-08-10 20:31:18.845][D] ActivityMainBinding inflated successfully
08-10 20:31:18.852 26009 26009 D CalendarAlarmScheduler_MainActivity: [2025-08-10 20:31:18.852][D] Setting content view
08-10 20:31:18.854 26009 26040 V CalendarAlarmScheduler_AppDatabase: [2025-08-10 20:31:18.848][V] Query: TRANSACTION SUCCESSFUL with args: []
08-10 20:31:18.856 26009 26040 V CalendarAlarmScheduler_AppDatabase: [2025-08-10 20:31:18.856][V] Query: END TRANSACTION with args: []
08-10 20:31:18.858 26009 26009 D DesktopModeFlags: Toggle override initialized to: OVERRIDE_UNSET
08-10 20:31:18.859 26009 26034 D CalendarAlarmScheduler_BackgroundUsageDetector: [2025-08-10 20:31:18.858][D]   BACKGROUND_RESTRICTION: true
08-10 20:31:18.868 26009 26034 D CalendarAlarmScheduler_BackgroundUsageDetector: [2025-08-10 20:31:18.868][D]   APP_OPS_BACKGROUND_CHECK: false
08-10 20:31:18.880 26009 26009 I ralarmscheduler: hiddenapi: Accessing hidden method Landroid/view/ViewGroup;->makeOptionalFitsSystemWindows()V (runtime_flags=0, domain=platform, api=unsupported) from Landroidx/appcompat/widget/ViewUtils; (domain=app) using reflection: allowed
08-10 20:31:18.885 26009 26009 D CalendarAlarmScheduler_MainActivity: [2025-08-10 20:31:18.884][D] Content view set successfully
08-10 20:31:18.886 26009 26009 D CalendarAlarmScheduler_MainActivity: [2025-08-10 20:31:18.885][D] Context dump: Activity: MainActivity, isFinishing: false
08-10 20:31:18.887 26009 26009 D CalendarAlarmScheduler_MainActivity: [2025-08-10 20:31:18.886][D] Setting up navigation
08-10 20:31:18.888 26009 26009 D CalendarAlarmScheduler_MainActivity: [2025-08-10 20:31:18.887][D] Finding NavHostFragment
08-10 20:31:18.889 26009 26009 D CalendarAlarmScheduler_MainActivity: [2025-08-10 20:31:18.888][D] NavHostFragment found, getting NavController
08-10 20:31:18.890 26009 26009 D CalendarAlarmScheduler_MainActivity: [2025-08-10 20:31:18.890][D] NavController obtained: androidx.navigation.NavHostController@813be95
08-10 20:31:18.891 26009 26009 D CalendarAlarmScheduler_MainActivity: [2025-08-10 20:31:18.890][D] Setting up bottom navigation with NavController
08-10 20:31:18.893 26009 26009 D CalendarAlarmScheduler_MainActivity: [2025-08-10 20:31:18.892][D] Bottom navigation setup completed
08-10 20:31:18.894 26009 26009 D CalendarAlarmScheduler_MainActivity: [2025-08-10 20:31:18.894][D] Navigation setup completed
08-10 20:31:18.895 26009 26034 D CalendarAlarmScheduler_BackgroundUsageDetector: [2025-08-10 20:31:18.892][D]   OEM_SPECIFIC: true
08-10 20:31:18.896 26009 26034 I CalendarAlarmScheduler_BackgroundUsageDetector: [2025-08-10 20:31:18.895][I] Selected detection method: APP_STANDBY_BUCKET, allowed: true
08-10 20:31:18.897 26009 26009 D CalendarAlarmScheduler_MainActivity: [2025-08-10 20:31:18.896][D] Checking permissions and proceeding
08-10 20:31:18.898 26009 26009 D CalendarAlarmScheduler_MainActivity: [2025-08-10 20:31:18.898][D] Checking critical permissions status
08-10 20:31:18.901 26009 26009 W CalendarAlarmScheduler_BackgroundUsageDetector: [2025-08-10 20:31:18.901][W] No session cache available, using basic fallback detection
08-10 20:31:18.902 26009 26009 D CalendarAlarmScheduler_PermissionUtils: [2025-08-10 20:31:18.902][D] Background usage permission check:
08-10 20:31:18.904 26009 26009 D CalendarAlarmScheduler_PermissionUtils: [2025-08-10 20:31:18.904][D]   Result: true
08-10 20:31:18.905 26009 26009 D CalendarAlarmScheduler_PermissionUtils: [2025-08-10 20:31:18.904][D]   Method: FALLBACK
08-10 20:31:18.906 26009 26034 I CalendarAlarmScheduler_BackgroundUsageDetector: [2025-08-10 20:31:18.903][I] Final Result:
08-10 20:31:18.907 26009 26034 I CalendarAlarmScheduler_BackgroundUsageDetector: [2025-08-10 20:31:18.907][I]   Background Usage Allowed: true
08-10 20:31:18.908 26009 26009 I CalendarAlarmScheduler_MainActivity: [2025-08-10 20:31:18.907][I] Critical permissions status: true
08-10 20:31:18.909 26009 26009 I CalendarAlarmScheduler_MainActivity: [2025-08-10 20:31:18.908][I] Onboarding completed status: true
08-10 20:31:18.910 26009 26009 I CalendarAlarmScheduler_MainActivity: [2025-08-10 20:31:18.909][I] Proceeding normally - permissions: true, onboarding done: true
08-10 20:31:18.911 26009 26009 I CalendarAlarmScheduler_MainActivity: [2025-08-10 20:31:18.910][I] onPermissionGranted called - app can function normally
08-10 20:31:18.912 26009 26009 I CalendarAlarmScheduler_Performance_MainActivity: [2025-08-10 20:31:18.911][I] onCreate() took 222ms
08-10 20:31:18.913 26009 26009 D CalendarAlarmScheduler_Lifecycle_MainActivity: [2025-08-10 20:31:18.912][D] onCreate - Completed successfully in 222ms
08-10 20:31:18.916 26009 26034 I CalendarAlarmScheduler_BackgroundUsageDetector: [2025-08-10 20:31:18.916][I]   Detection Method: APP_STANDBY_BUCKET
08-10 20:31:18.933 26009 26034 I CalendarAlarmScheduler_BackgroundUsageDetector: [2025-08-10 20:31:18.929][I]   Details: {standbyBucket=10, bucketName=WORKING_SET, method=UsageStatsManager.getAppStandbyBucket}
08-10 20:31:18.934 26009 26034 I CalendarAlarmScheduler_BackgroundUsageDetector: [2025-08-10 20:31:18.934][I] ===========================================
08-10 20:31:18.943 26009 26041 V CalendarAlarmScheduler_AppDatabase: [2025-08-10 20:31:18.941][V] Query: BEGIN DEFERRED TRANSACTION with args: []
08-10 20:31:18.944 26009 26041 V CalendarAlarmScheduler_AppDatabase: [2025-08-10 20:31:18.944][V] Query: INSERT OR IGNORE INTO room_table_modification_log VALUES(0, 0) with args: []
08-10 20:31:18.945 26009 26009 D CalendarAlarmScheduler_Lifecycle_MainActivity: [2025-08-10 20:31:18.942][D] onResume - Checking permissions on resume
08-10 20:31:18.946 26009 26034 D CalendarAlarmScheduler_BackgroundUsageDetector: [2025-08-10 20:31:18.945][D] Background usage session cache initialized
08-10 20:31:18.951 26009 26009 D CalendarAlarmScheduler_BackgroundUsageDetector: [2025-08-10 20:31:18.951][D] Returning cached background usage result from session
08-10 20:31:18.953 26009 26009 D CalendarAlarmScheduler_PermissionUtils: [2025-08-10 20:31:18.952][D] Background usage permission check:
08-10 20:31:18.954 26009 26009 D CalendarAlarmScheduler_PermissionUtils: [2025-08-10 20:31:18.953][D]   Result: true
08-10 20:31:18.955 26009 26009 D CalendarAlarmScheduler_PermissionUtils: [2025-08-10 20:31:18.954][D]   Method: APP_STANDBY_BUCKET
08-10 20:31:18.956 26009 26009 I CalendarAlarmScheduler_MainActivity: [2025-08-10 20:31:18.955][I] onResume permission check: true
08-10 20:31:18.956 26009 26009 I CalendarAlarmScheduler_MainActivity: [2025-08-10 20:31:18.956][I] onResume onboarding completed: true
08-10 20:31:18.958 26009 26041 V CalendarAlarmScheduler_AppDatabase: [2025-08-10 20:31:18.958][V] Query: CREATE TEMP TRIGGER IF NOT EXISTS `room_table_modification_trigger_rules_UPDATE` AFTER UPDATE ON `rules` BEGIN UPDATE room_table_modification_log SET invalidated = 1 WHERE table_id = 0 AND invalidated = 0; END with args: []
08-10 20:31:18.959 26009 26009 I CalendarAlarmScheduler_MainActivity: [2025-08-10 20:31:18.958][I] onResume isOnboardingLaunched flag: false
08-10 20:31:18.960 26009 26009 D CalendarAlarmScheduler_MainActivity: [2025-08-10 20:31:18.959][D] Resetting onboarding launched flag - onboarding completed or permissions granted
08-10 20:31:18.961 26009 26009 I CalendarAlarmScheduler_MainActivity: [2025-08-10 20:31:18.960][I] Permissions OK or onboarding completed on resume - not launching onboarding
08-10 20:31:18.968 26009 26041 V CalendarAlarmScheduler_AppDatabase: [2025-08-10 20:31:18.968][V] Query: CREATE TEMP TRIGGER IF NOT EXISTS `room_table_modification_trigger_rules_DELETE` AFTER DELETE ON `rules` BEGIN UPDATE room_table_modification_log SET invalidated = 1 WHERE table_id = 0 AND invalidated = 0; END with args: []
08-10 20:31:18.972 26009 26009 W HWUI    : Unknown dataspace 0
08-10 20:31:18.977 26009 26041 V CalendarAlarmScheduler_AppDatabase: [2025-08-10 20:31:18.976][V] Query: CREATE TEMP TRIGGER IF NOT EXISTS `room_table_modification_trigger_rules_INSERT` AFTER INSERT ON `rules` BEGIN UPDATE room_table_modification_log SET invalidated = 1 WHERE table_id = 0 AND invalidated = 0; END with args: []
08-10 20:31:18.978 26009 26009 I CalendarAlarmScheduler_Application: [2025-08-10 20:31:18.977][I] Expired alarms cleanup completed in 333ms
08-10 20:31:18.979 26009 26009 I CalendarAlarmScheduler_Application: [2025-08-10 20:31:18.979][I] Background usage detection cache initialized successfully
08-10 20:31:18.982 26009 26041 V CalendarAlarmScheduler_AppDatabase: [2025-08-10 20:31:18.981][V] Query: TRANSACTION SUCCESSFUL with args: []
08-10 20:31:18.985 26009 26041 V CalendarAlarmScheduler_AppDatabase: [2025-08-10 20:31:18.985][V] Query: END TRANSACTION with args: []
08-10 20:31:19.001 26009 26041 V CalendarAlarmScheduler_AppDatabase: [2025-08-10 20:31:18.989][V] Query: SELECT * FROM rules ORDER BY createdAt DESC with args: []
08-10 20:31:19.002   625  1148 D CoreBackPreview: Window{7fa1d0d u0 com.example.calendaralarmscheduler/com.example.calendaralarmscheduler.ui.MainActivity}: Setting back callback OnBackInvokedCallbackInfo{mCallback=android.window.IOnBackInvokedCallback$Stub$Proxy@b25d2d3, mPriority=0, mIsAnimationCallback=false, mOverrideBehavior=0}
08-10 20:31:19.098   625   678 I ActivityTaskManager: Displayed com.example.calendaralarmscheduler/.ui.MainActivity for user 0: +1s377ms
08-10 20:31:19.159 26009 26009 W HWUI    : Image decoding logging dropped!
08-10 20:31:19.161 26009 26009 W HWUI    : Image decoding logging dropped!
08-10 20:31:19.163 26009 26009 W HWUI    : Image decoding logging dropped!
08-10 20:31:19.187   625   800 I ImeTracker: com.example.calendaralarmscheduler:58d48a81: onRequestHide at ORIGIN_SERVER reason HIDE_UNSPECIFIED_WINDOW fromUser false
08-10 20:31:19.199   625  1082 I ImeTracker: system_server:fb145e14: onRequestHide at ORIGIN_SERVER reason IME_REQUESTED_CHANGED_LISTENER fromUser false
08-10 20:31:19.199   625   681 I ImeTracker: system_server:fb145e14: onCancelled at PHASE_SERVER_SHOULD_HIDE
08-10 20:31:19.200  6623  6623 I GoogleInputMethodService: GoogleInputMethodService.onFinishInput():2043 
08-10 20:31:19.201 26009 26009 D InsetsController: hide(ime(), fromIme=false)
--
08-10 20:31:21.863  6144 25064 W ChimeraUtils: Module com.google.android.gms.notifications_registration missing resource null(0)
08-10 20:31:21.863  6144 25064 I NotificationsModuleTask: Registering accounts to Chime Failed & Rescheduled for later. [CONTEXT service_id=358 ]
08-10 20:31:21.864  6170 25992 I NetworkScheduler.Stats: (REDACTED) Task %s/%s finished executing. cause:%s result: %s elapsed_millis: %s uptime_millis: %s exec_start_elapsed_seconds: %s
08-10 20:31:21.865  6144  6144 D BoundBrokerSvc: onUnbind: Intent { act=com.google.android.gms.notifications.registration.service.NotificationsRegistrationTaskBoundService.ACTION_TASK_READY dat=chimera-action:/... xflg=0x4 cmp=com.google.android.gms/.chimera.GmsInternalBoundBrokerService }
08-10 20:31:22.230 26009 26009 D RuleListViewModel: Starting rule update: 'Test Rule' -> disabled
08-10 20:31:22.230 26009 26009 I CalendarAlarmScheduler_RuleAlarmManager_updateRuleEnabled: [2025-08-10 20:31:22.230][I] Updating rule 'Test Rule' enabled status: false
08-10 20:31:22.231 26009 26009 D CalendarAlarmScheduler_RuleAlarmManager_cancelAlarmsForRule: [2025-08-10 20:31:22.231][D] Cancelling all alarms for rule: Test Rule
08-10 20:31:22.232 26009 26060 V CalendarAlarmScheduler_AppDatabase: [2025-08-10 20:31:22.232][V] Query: BEGIN DEFERRED TRANSACTION with args: []
08-10 20:31:22.245 26009 26060 V CalendarAlarmScheduler_AppDatabase: [2025-08-10 20:31:22.245][V] Query: INSERT OR IGNORE INTO room_table_modification_log VALUES(1, 0) with args: []
08-10 20:31:22.247 26009 26060 V CalendarAlarmScheduler_AppDatabase: [2025-08-10 20:31:22.247][V] Query: CREATE TEMP TRIGGER IF NOT EXISTS `room_table_modification_trigger_alarms_UPDATE` AFTER UPDATE ON `alarms` BEGIN UPDATE room_table_modification_log SET invalidated = 1 WHERE table_id = 1 AND invalidated = 0; END with args: []
08-10 20:31:22.250 26009 26060 V CalendarAlarmScheduler_AppDatabase: [2025-08-10 20:31:22.250][V] Query: CREATE TEMP TRIGGER IF NOT EXISTS `room_table_modification_trigger_alarms_DELETE` AFTER DELETE ON `alarms` BEGIN UPDATE room_table_modification_log SET invalidated = 1 WHERE table_id = 1 AND invalidated = 0; END with args: []
08-10 20:31:22.250 26009 26060 V CalendarAlarmScheduler_AppDatabase: [2025-08-10 20:31:22.250][V] Query: CREATE TEMP TRIGGER IF NOT EXISTS `room_table_modification_trigger_alarms_INSERT` AFTER INSERT ON `alarms` BEGIN UPDATE room_table_modification_log SET invalidated = 1 WHERE table_id = 1 AND invalidated = 0; END with args: []
08-10 20:31:22.250 26009 26060 V CalendarAlarmScheduler_AppDatabase: [2025-08-10 20:31:22.250][V] Query: TRANSACTION SUCCESSFUL with args: []
08-10 20:31:22.250 26009 26060 V CalendarAlarmScheduler_AppDatabase: [2025-08-10 20:31:22.250][V] Query: END TRANSACTION with args: []
08-10 20:31:22.251 26009 26060 V CalendarAlarmScheduler_AppDatabase: [2025-08-10 20:31:22.251][V] Query: SELECT * FROM alarms WHERE ruleId = ? with args: [d3674e15-daaa-4942-9814-19c893db55db]
08-10 20:31:22.253 26009 26060 V CalendarAlarmScheduler_AppDatabase: [2025-08-10 20:31:22.253][V] Query: BEGIN DEFERRED TRANSACTION with args: []
08-10 20:31:22.254 26009 26060 V CalendarAlarmScheduler_AppDatabase: [2025-08-10 20:31:22.253][V] Query: DROP TRIGGER IF EXISTS `room_table_modification_trigger_alarms_UPDATE` with args: []
08-10 20:31:22.254 26009 26060 V CalendarAlarmScheduler_AppDatabase: [2025-08-10 20:31:22.254][V] Query: DROP TRIGGER IF EXISTS `room_table_modification_trigger_alarms_DELETE` with args: []
08-10 20:31:22.254 26009 26060 V CalendarAlarmScheduler_AppDatabase: [2025-08-10 20:31:22.254][V] Query: DROP TRIGGER IF EXISTS `room_table_modification_trigger_alarms_INSERT` with args: []
08-10 20:31:22.254 26009 26060 V CalendarAlarmScheduler_AppDatabase: [2025-08-10 20:31:22.254][V] Query: TRANSACTION SUCCESSFUL with args: []
08-10 20:31:22.254 26009 26060 V CalendarAlarmScheduler_AppDatabase: [2025-08-10 20:31:22.254][V] Query: END TRANSACTION with args: []
08-10 20:31:22.255 26009 26009 D CalendarAlarmScheduler_RuleAlarmManager_cancelAlarmsForRule: [2025-08-10 20:31:22.255][D] Found 1 existing alarms for rule Test Rule
08-10 20:31:22.260 26009 26034 D AlarmScheduler: Cancelled 1 out of 1 alarms
08-10 20:31:22.263 26009 26009 D CalendarAlarmScheduler_RuleAlarmManager_cancelAlarmsForRule: [2025-08-10 20:31:22.263][D] Successfully cancelled 1 out of 1 system alarms
08-10 20:31:22.264 26009 26040 V CalendarAlarmScheduler_AppDatabase: [2025-08-10 20:31:22.264][V] Query: BEGIN DEFERRED TRANSACTION with args: []
08-10 20:31:22.265 26009 26040 V CalendarAlarmScheduler_AppDatabase: [2025-08-10 20:31:22.264][V] Query: DELETE FROM alarms WHERE ruleId = ? with args: [d3674e15-daaa-4942-9814-19c893db55db]
08-10 20:31:22.265 26009 26040 V CalendarAlarmScheduler_AppDatabase: [2025-08-10 20:31:22.265][V] Query: TRANSACTION SUCCESSFUL with args: []
08-10 20:31:22.265 26009 26040 V CalendarAlarmScheduler_AppDatabase: [2025-08-10 20:31:22.265][V] Query: END TRANSACTION with args: []
08-10 20:31:22.265 26009 26040 V CalendarAlarmScheduler_AppDatabase: [2025-08-10 20:31:22.265][V] Query: BEGIN DEFERRED TRANSACTION with args: []
08-10 20:31:22.266 26009 26040 V CalendarAlarmScheduler_AppDatabase: [2025-08-10 20:31:22.266][V] Query: SELECT * FROM room_table_modification_log WHERE invalidated = 1; with args: []
08-10 20:31:22.266 26009 26040 V CalendarAlarmScheduler_AppDatabase: [2025-08-10 20:31:22.266][V] Query: TRANSACTION SUCCESSFUL with args: []
08-10 20:31:22.266 26009 26040 V CalendarAlarmScheduler_AppDatabase: [2025-08-10 20:31:22.266][V] Query: END TRANSACTION with args: []
08-10 20:31:22.266 26009 26009 D CalendarAlarmScheduler_RuleAlarmManager_cancelAlarmsForRule: [2025-08-10 20:31:22.266][D] Deleted 1 alarm database entries for rule d3674e15-daaa-4942-9814-19c893db55db
08-10 20:31:22.268 26009 26041 V CalendarAlarmScheduler_AppDatabase: [2025-08-10 20:31:22.268][V] Query: BEGIN DEFERRED TRANSACTION with args: []
08-10 20:31:22.269 26009 26041 V CalendarAlarmScheduler_AppDatabase: [2025-08-10 20:31:22.269][V] Query: UPDATE OR ABORT `rules` SET `id` = ?,`name` = ?,`keywordPattern` = ?,`isRegex` = ?,`calendarIds` = ?,`leadTimeMinutes` = ?,`enabled` = ?,`createdAt` = ? WHERE `id` = ? with args: [d3674e15-daaa-4942-9814-19c893db55db, Test Rule, test, 0, [2,3], 30, 0, 1754881750984, d3674e15-daaa-4942-9814-19c893db55db]
08-10 20:31:22.269 26009 26041 V CalendarAlarmScheduler_AppDatabase: [2025-08-10 20:31:22.269][V] Query: TRANSACTION SUCCESSFUL with args: []
08-10 20:31:22.270 26009 26041 V CalendarAlarmScheduler_AppDatabase: [2025-08-10 20:31:22.270][V] Query: END TRANSACTION with args: []
08-10 20:31:22.270 26009 26009 I CalendarAlarmScheduler_RuleAlarmManager_cancelAlarmsForRule: [2025-08-10 20:31:22.270][I] Successfully disabled rule 'Test Rule' and cancelled 1 alarms
08-10 20:31:22.272 26009 26041 V CalendarAlarmScheduler_AppDatabase: [2025-08-10 20:31:22.272][V] Query: BEGIN DEFERRED TRANSACTION with args: []
08-10 20:31:22.276 26009 26041 V CalendarAlarmScheduler_AppDatabase: [2025-08-10 20:31:22.275][V] Query: SELECT * FROM room_table_modification_log WHERE invalidated = 1; with args: []
08-10 20:31:22.276 26009 26041 V CalendarAlarmScheduler_AppDatabase: [2025-08-10 20:31:22.276][V] Query: TRANSACTION SUCCESSFUL with args: []
08-10 20:31:22.276 26009 26041 V CalendarAlarmScheduler_AppDatabase: [2025-08-10 20:31:22.276][V] Query: END TRANSACTION with args: []
08-10 20:31:22.282 26009 26009 I RuleListViewModel: Rule 'Test Rule' disabled: Rule disabled and 1 alarm(s) cancelled
08-10 20:31:22.283 26009 26040 V CalendarAlarmScheduler_AppDatabase: [2025-08-10 20:31:22.280][V] Query: SELECT * FROM rules ORDER BY createdAt DESC with args: []
08-10 20:31:22.284  1036  1036 I ndroid.systemui: AssetManager2(0xb4000075d1315458) locale list changing from [] to [en-US]
08-10 20:31:22.300  1036  1036 I ndroid.systemui: AssetManager2(0xb4000075d127d518) locale list changing from [] to [en-US]
08-10 20:31:24.363 26009 26064 D ProfileInstaller: Installing profile for com.example.calendaralarmscheduler
08-10 20:31:25.321  1226  1437 D SatelliteController: iisInCarrierRoamingNbIotNtn: satellite is disabled
08-10 20:31:26.394   625  1846 W NotificationService: Toast already killed. pkg=com.example.calendaralarmscheduler token=android.os.BinderProxy@533d626
08-10 20:31:26.524   625   785 D ActivityManager: freezing 4762 com.android.vending:background
08-10 20:31:26.526   625   785 D ActivityManager: freezing 26330 com.android.vending
08-10 20:31:26.596   625   952 D InetDiagMessage: Destroyed 0 sockets, proto=IPPROTO_TCP, family=AF_INET, states=14
08-10 20:31:26.598   625   952 D InetDiagMessage: Destroyed 2 sockets, proto=IPPROTO_TCP, family=AF_INET6, states=14
08-10 20:31:26.598   625   952 D InetDiagMessage: Destroyed live tcp sockets for uids={10146} in 2ms
08-10 20:31:27.046 26009 26009 D RuleListViewModel: Starting rule update: 'Test Rule' -> enabled
08-10 20:31:27.050 26009 26009 I CalendarAlarmScheduler_RuleAlarmManager_updateRuleEnabled: [2025-08-10 20:31:27.049][I] Updating rule 'Test Rule' enabled status: true
08-10 20:31:27.051 26009 26009 D CalendarAlarmScheduler_RuleAlarmManager_rescheduleAlarmsForRule: [2025-08-10 20:31:27.051][D] Rescheduling alarms for enabled rule: Test Rule
08-10 20:31:27.056 26009 26036 V CalendarAlarmScheduler_AppDatabase: [2025-08-10 20:31:27.055][V] Query: BEGIN DEFERRED TRANSACTION with args: []
08-10 20:31:27.072 26009 26036 V CalendarAlarmScheduler_AppDatabase: [2025-08-10 20:31:27.072][V] Query: UPDATE OR ABORT `rules` SET `id` = ?,`name` = ?,`keywordPattern` = ?,`isRegex` = ?,`calendarIds` = ?,`leadTimeMinutes` = ?,`enabled` = ?,`createdAt` = ? WHERE `id` = ? with args: [d3674e15-daaa-4942-9814-19c893db55db, Test Rule, test, 0, [2,3], 30, 1, 1754881750984, d3674e15-daaa-4942-9814-19c893db55db]
08-10 20:31:27.075 26009 26036 V CalendarAlarmScheduler_AppDatabase: [2025-08-10 20:31:27.075][V] Query: TRANSACTION SUCCESSFUL with args: []
08-10 20:31:27.082 26009 26036 V CalendarAlarmScheduler_AppDatabase: [2025-08-10 20:31:27.082][V] Query: END TRANSACTION with args: []
08-10 20:31:27.082 26009 26060 V CalendarAlarmScheduler_AppDatabase: [2025-08-10 20:31:27.082][V] Query: BEGIN DEFERRED TRANSACTION with args: []
08-10 20:31:27.083 26009 26060 V CalendarAlarmScheduler_AppDatabase: [2025-08-10 20:31:27.083][V] Query: SELECT * FROM room_table_modification_log WHERE invalidated = 1; with args: []
08-10 20:31:27.083 26009 26060 V CalendarAlarmScheduler_AppDatabase: [2025-08-10 20:31:27.083][V] Query: TRANSACTION SUCCESSFUL with args: []
08-10 20:31:27.083 26009 26060 V CalendarAlarmScheduler_AppDatabase: [2025-08-10 20:31:27.083][V] Query: END TRANSACTION with args: []
08-10 20:31:27.085 26009 26009 D CalendarAlarmScheduler_RuleAlarmManager_rescheduleAlarmsForRule: [2025-08-10 20:31:27.085][D] Updated rule 'Test Rule' to enabled status
08-10 20:31:27.093   625  2988 D ActivityManager: sync unfroze 8895 com.android.providers.calendar for 7
08-10 20:31:27.096   625   997 D BackgroundInstallControlService: Package event received: 0
08-10 20:31:27.101  8895  8895 D ActivityThread: Package [com.example.calendaralarmscheduler] reported as REPLACED, but missing application info. Assuming REMOVED.
08-10 20:31:27.102  8895  8895 D ActivityThread: Package [com.example.calendaralarmscheduler] reported as REPLACED, but missing application info. Assuming REMOVED.
08-10 20:31:27.105  8895  8895 D ActivityThread: Package [com.example.calendaralarmscheduler] reported as REPLACED, but missing application info. Assuming REMOVED.
08-10 20:31:27.105  8895  8895 D ActivityThread: Package [com.example.calendaralarmscheduler] reported as REPLACED, but missing application info. Assuming REMOVED.
08-10 20:31:27.105 26009 26040 V CalendarAlarmScheduler_AppDatabase: [2025-08-10 20:31:27.105][V] Query: SELECT * FROM rules ORDER BY createdAt DESC with args: []
08-10 20:31:27.147 26009 26009 D RuleListViewModel: Ignoring duplicate operation for rule 'Test Rule' (enable)
08-10 20:31:27.167   625   785 D ActivityManager: freezing 25819 com.google.android.googlequicksearchbox:search
08-10 20:31:27.168 26009 26034 D CalendarRepository: Retrieved 5 upcoming events
08-10 20:31:27.169 26009 26009 D CompatChangeReporter: Compat change id reported: 263076149; UID 10259; state: ENABLED
08-10 20:31:27.172 26009 26009 D CalendarAlarmScheduler_RuleAlarmManager_rescheduleAlarmsForRule: [2025-08-10 20:31:27.172][D] Found 1 matching events for rule 'Test Rule'
08-10 20:31:27.184 26009 26041 V CalendarAlarmScheduler_AppDatabase: [2025-08-10 20:31:27.184][V] Query: BEGIN DEFERRED TRANSACTION with args: []
08-10 20:31:27.185 26009 26041 V CalendarAlarmScheduler_AppDatabase: [2025-08-10 20:31:27.184][V] Query: INSERT OR IGNORE INTO room_table_modification_log VALUES(1, 0) with args: []
08-10 20:31:27.185 26009 26041 V CalendarAlarmScheduler_AppDatabase: [2025-08-10 20:31:27.185][V] Query: CREATE TEMP TRIGGER IF NOT EXISTS `room_table_modification_trigger_alarms_UPDATE` AFTER UPDATE ON `alarms` BEGIN UPDATE room_table_modification_log SET invalidated = 1 WHERE table_id = 1 AND invalidated = 0; END with args: []
08-10 20:31:27.185 26009 26041 V CalendarAlarmScheduler_AppDatabase: [2025-08-10 20:31:27.185][V] Query: CREATE TEMP TRIGGER IF NOT EXISTS `room_table_modification_trigger_alarms_DELETE` AFTER DELETE ON `alarms` BEGIN UPDATE room_table_modification_log SET invalidated = 1 WHERE table_id = 1 AND invalidated = 0; END with args: []
08-10 20:31:27.188 26009 26041 V CalendarAlarmScheduler_AppDatabase: [2025-08-10 20:31:27.188][V] Query: CREATE TEMP TRIGGER IF NOT EXISTS `room_table_modification_trigger_alarms_INSERT` AFTER INSERT ON `alarms` BEGIN UPDATE room_table_modification_log SET invalidated = 1 WHERE table_id = 1 AND invalidated = 0; END with args: []
08-10 20:31:27.189 26009 26041 V CalendarAlarmScheduler_AppDatabase: [2025-08-10 20:31:27.189][V] Query: TRANSACTION SUCCESSFUL with args: []
08-10 20:31:27.189 26009 26041 V CalendarAlarmScheduler_AppDatabase: [2025-08-10 20:31:27.189][V] Query: END TRANSACTION with args: []
08-10 20:31:27.196 26009 26041 V CalendarAlarmScheduler_AppDatabase: [2025-08-10 20:31:27.196][V] Query: SELECT * FROM alarms ORDER BY alarmTimeUtc ASC with args: []
08-10 20:31:27.199 26009 26041 V CalendarAlarmScheduler_AppDatabase: [2025-08-10 20:31:27.199][V] Query: BEGIN DEFERRED TRANSACTION with args: []
08-10 20:31:27.201 26009 26041 V CalendarAlarmScheduler_AppDatabase: [2025-08-10 20:31:27.201][V] Query: DROP TRIGGER IF EXISTS `room_table_modification_trigger_alarms_UPDATE` with args: []
08-10 20:31:27.201 26009 26041 V CalendarAlarmScheduler_AppDatabase: [2025-08-10 20:31:27.201][V] Query: DROP TRIGGER IF EXISTS `room_table_modification_trigger_alarms_DELETE` with args: []
08-10 20:31:27.201 26009 26041 V CalendarAlarmScheduler_AppDatabase: [2025-08-10 20:31:27.201][V] Query: DROP TRIGGER IF EXISTS `room_table_modification_trigger_alarms_INSERT` with args: []
08-10 20:31:27.201 26009 26041 V CalendarAlarmScheduler_AppDatabase: [2025-08-10 20:31:27.201][V] Query: TRANSACTION SUCCESSFUL with args: []
08-10 20:31:27.201 26009 26041 V CalendarAlarmScheduler_AppDatabase: [2025-08-10 20:31:27.201][V] Query: END TRANSACTION with args: []
08-10 20:31:27.202 26009 26009 D CalendarAlarmScheduler_RuleAlarmManager_rescheduleAlarmsForRule: [2025-08-10 20:31:27.202][D] After filtering dismissed alarms: 1 matches to process
08-10 20:31:27.202 26009 26009 D CalendarAlarmScheduler_RuleAlarmManager_rescheduleAlarmsForRule_processMatches: [2025-08-10 20:31:27.202][D] Processing 1 matches for alarm scheduling
08-10 20:31:27.204 26009 26060 V CalendarAlarmScheduler_AppDatabase: [2025-08-10 20:31:27.204][V] Query: SELECT * FROM alarms WHERE eventId = ? AND ruleId = ? with args: [144, d3674e15-daaa-4942-9814-19c893db55db]
08-10 20:31:27.233 26009 26034 D AlarmScheduler: ✓ Verified alarm scheduled for Test event at 2025-08-11T12:30-07:00[America/Los_Angeles] (RequestCode: -1843421279)
08-10 20:31:27.236 26009 26040 V CalendarAlarmScheduler_AppDatabase: [2025-08-10 20:31:27.236][V] Query: BEGIN DEFERRED TRANSACTION with args: []
08-10 20:31:27.237 26009 26040 V CalendarAlarmScheduler_AppDatabase: [2025-08-10 20:31:27.237][V] Query: INSERT OR REPLACE INTO `alarms` (`id`,`eventId`,`ruleId`,`eventTitle`,`eventStartTimeUtc`,`alarmTimeUtc`,`scheduledAt`,`userDismissed`,`pendingIntentRequestCode`,`lastEventModified`) VALUES (?,?,?,?,?,?,?,?,?,?) with args: [c8bf3d14-edcb-4866-a8c3-a0d8145794cb, 144, d3674e15-daaa-4942-9814-19c893db55db, Test event, 1754942400000, 1754940600000, 1754883087236, 0, -982518594, 1754946000000]
08-10 20:31:27.237 26009 26040 V CalendarAlarmScheduler_AppDatabase: [2025-08-10 20:31:27.237][V] Query: TRANSACTION SUCCESSFUL with args: []
08-10 20:31:27.237 26009 26040 V CalendarAlarmScheduler_AppDatabase: [2025-08-10 20:31:27.237][V] Query: END TRANSACTION with args: []
08-10 20:31:27.237 26009 26036 V CalendarAlarmScheduler_AppDatabase: [2025-08-10 20:31:27.237][V] Query: BEGIN DEFERRED TRANSACTION with args: []
08-10 20:31:27.238 26009 26036 V CalendarAlarmScheduler_AppDatabase: [2025-08-10 20:31:27.238][V] Query: SELECT * FROM room_table_modification_log WHERE invalidated = 1; with args: []
08-10 20:31:27.238 26009 26036 V CalendarAlarmScheduler_AppDatabase: [2025-08-10 20:31:27.238][V] Query: TRANSACTION SUCCESSFUL with args: []
08-10 20:31:27.246 26009 26036 V CalendarAlarmScheduler_AppDatabase: [2025-08-10 20:31:27.238][V] Query: END TRANSACTION with args: []
08-10 20:31:27.246 26009 26009 D CalendarAlarmScheduler_RuleAlarmManager_rescheduleAlarmsForRule_processMatches: [2025-08-10 20:31:27.246][D] Scheduled new alarm for event: Test event
08-10 20:31:27.249 26009 26040 V CalendarAlarmScheduler_AppDatabase: [2025-08-10 20:31:27.249][V] Query: BEGIN DEFERRED TRANSACTION with args: []
08-10 20:31:27.249 26009 26040 V CalendarAlarmScheduler_AppDatabase: [2025-08-10 20:31:27.249][V] Query: DELETE FROM alarms WHERE alarmTimeUtc < ? with args: [1754796687247]
08-10 20:31:27.253 26009 26040 V CalendarAlarmScheduler_AppDatabase: [2025-08-10 20:31:27.253][V] Query: TRANSACTION SUCCESSFUL with args: []
08-10 20:31:27.253 26009 26040 V CalendarAlarmScheduler_AppDatabase: [2025-08-10 20:31:27.253][V] Query: END TRANSACTION with args: []
08-10 20:31:27.253 26009 26040 V CalendarAlarmScheduler_AppDatabase: [2025-08-10 20:31:27.253][V] Query: BEGIN DEFERRED TRANSACTION with args: []
08-10 20:31:27.253 26009 26040 V CalendarAlarmScheduler_AppDatabase: [2025-08-10 20:31:27.253][V] Query: SELECT * FROM room_table_modification_log WHERE invalidated = 1; with args: []
08-10 20:31:27.254 26009 26040 V CalendarAlarmScheduler_AppDatabase: [2025-08-10 20:31:27.254][V] Query: TRANSACTION SUCCESSFUL with args: []
08-10 20:31:27.254 26009 26040 V CalendarAlarmScheduler_AppDatabase: [2025-08-10 20:31:27.254][V] Query: END TRANSACTION with args: []
08-10 20:31:27.254 26009 26009 I CalendarAlarmScheduler_RuleAlarmManager_rescheduleAlarmsForRule_processMatches: [2025-08-10 20:31:27.254][I] Alarm scheduling completed. Scheduled: 1, Updated: 0, Skipped: 0, Failed: 0 (Total: 1)
08-10 20:31:27.254 26009 26009 I CalendarAlarmScheduler_RuleAlarmManager_rescheduleAlarmsForRule: [2025-08-10 20:31:27.254][I] Successfully enabled rule 'Test Rule' and scheduled 1 alarm(s)
08-10 20:31:27.266 26009 26009 I RuleListViewModel: Rule 'Test Rule' enabled: Rule enabled and 1 alarm(s) scheduled
08-10 20:31:28.542   625  1148 D WifiNl80211Manager: Scan result ready event
08-10 20:31:28.543   625  1148 D WifiNative: Scan result ready event
08-10 20:31:28.547  6170  6203 I WifiScanner: onFullResults
08-10 20:31:28.547  6170  6203 I WifiScanner: onFullResults
08-10 20:31:28.554   625   946 I HalDevMgr: bestIfaceCreationProposal is null, requestIface=STA, existingIface=[name=wlan0 type=STA]
08-10 20:31:28.804 26009 26009 W WindowOnBackDispatcher: OnBackInvokedCallback is not enabled for the application.
08-10 20:31:28.804 26009 26009 W WindowOnBackDispatcher: Set 'android:enableOnBackInvokedCallback="true"' in the application manifest.
08-10 20:31:28.834 26009 26036 V CalendarAlarmScheduler_AppDatabase: [2025-08-10 20:31:28.834][V] Query: SELECT * FROM rules ORDER BY createdAt DESC with args: []
08-10 20:31:29.348 26009 26009 D EventPreviewViewModel: Rules changed - triggering READ-ONLY refresh (includeAlarmScheduling=false)
08-10 20:31:29.349 26009 26060 V CalendarAlarmScheduler_AppDatabase: [2025-08-10 20:31:29.349][V] Query: SELECT * FROM alarms WHERE userDismissed = 0 AND alarmTimeUtc > ? ORDER BY alarmTimeUtc ASC with args: [1754883089348]
08-10 20:31:29.350 26009 26009 D EventPreviewViewModel: Starting unified refresh (scheduling: false)
08-10 20:31:29.350 26009 26009 D EventPreviewViewModel: Performing READ-ONLY refresh (no alarm scheduling)
08-10 20:31:29.353 26009 26034 D CalendarRepository: Retrieved 5 upcoming events
08-10 20:31:29.355 26009 26009 D EventPreviewViewModel: Alarm not found in system - Event: Test event, ID: c8bf3d14-edcb-4866-a8c3-a0d8145794cb, RequestCode: -982518594, AlarmTime: 2025-08-11 12:30:00
08-10 20:31:29.355 26009 26009 D EventPreviewViewModel: Unified refresh completed successfully
08-10 20:31:30.357 26009 26009 W CalendarAlarmScheduler_EventPreviewFragment: [2025-08-10 20:31:30.356][W] Detected 1 missing alarm(s) - attempting automatic recovery (attempt 1/2)
08-10 20:31:30.359 26009 26009 I EventPreviewViewModel: Starting automatic missing alarm recovery
08-10 20:31:30.359 26009 26009 D EventPreviewViewModel: Cleared recovery tracking cache (0 entries)
08-10 20:31:30.360 26009 26041 V CalendarAlarmScheduler_AppDatabase: [2025-08-10 20:31:30.359][V] Query: SELECT * FROM alarms WHERE userDismissed = 0 AND alarmTimeUtc > ? ORDER BY alarmTimeUtc ASC with args: [1754883090359]
08-10 20:31:30.362 26009 26009 D EventPreviewViewModel: Alarm not found in system - Event: Test event, ID: c8bf3d14-edcb-4866-a8c3-a0d8145794cb, RequestCode: -982518594, AlarmTime: 2025-08-11 12:30:00
08-10 20:31:30.362 26009 26009 D EventPreviewViewModel: Attempting recovery for Test event (attempt 1/3)
08-10 20:31:30.365 26009 26035 D AlarmScheduler: ✓ Verified alarm scheduled for Test event at 2025-08-11T12:30-07:00[America/Los_Angeles] (RequestCode: -982518594)
08-10 20:31:30.365 26009 26009 D EventPreviewViewModel: ✅ Successfully rescheduled missing alarm: Test event
08-10 20:31:30.365 26009 26009 I EventPreviewViewModel: Automatic alarm recovery completed: 1 alarms rescheduled, 0 collisions resolved, 0 skipped (recently recovered), 0 failures
08-10 20:31:30.365 26009 26009 D EventPreviewViewModel: Waiting 3 seconds for system to register newly scheduled alarms...
08-10 20:31:30.751 26067 26067 W dumpsys : Thread Pool max thread count is 0. Cannot cache binder as linkToDeath cannot be implemented. serviceName: package
08-10 20:31:30.785 20226 21047 I artd    : GetBestInfo: odex next to the dex file (/data/app/~~mkIXu9W4VZvEd3OV6XGqTg==/com.google.android.gms-5U64AU7crN-RFJ_54grGRQ==/oat/arm64/base.odex) is kOatUpToDate with filter 'speed-profile' executable 'false'
08-10 20:31:30.786 20226 21047 I artd    : GetBestInfo: odex next to the dex file (/data/app/~~mkIXu9W4VZvEd3OV6XGqTg==/com.google.android.gms-5U64AU7crN-RFJ_54grGRQ==/oat/arm64/split_AdsDynamite_installtime.odex) is kOatUpToDate with filter 'speed' executable 'false'
08-10 20:31:30.787 20226 23191 I artd    : GetBestInfo: odex next to the dex file (/data/app/~~mkIXu9W4VZvEd3OV6XGqTg==/com.google.android.gms-5U64AU7crN-RFJ_54grGRQ==/oat/arm64/split_CronetDynamite_installtime.odex) is kOatUpToDate with filter 'speed' executable 'false'
--
08-10 20:31:30.809 20226 20608 I artd    : GetBestInfo: /data/user_de/0/com.google.android.gms/app_chimera/m/00000007/MeasurementDynamite.apk has no usable artifacts
08-10 20:31:31.209   625   688 W IPCThreadState: Sending oneway calls to frozen process.
08-10 20:31:31.209   625   688 W IPCThreadState: Sending oneway calls to frozen process.
08-10 20:31:31.361   625  1148 W NotificationService: Toast already killed. pkg=com.example.calendaralarmscheduler token=android.os.BinderProxy@7662dcf
08-10 20:31:31.755  6144  6144 D BoundBrokerSvc: onUnbind: Intent { act=com.google.android.gms.feedback.internal.IFeedbackService dat=chimera-action:/... xflg=0x4 cmp=com.google.android.gms/.chimera.GmsBoundBrokerService }
08-10 20:31:33.369 26009 26040 V CalendarAlarmScheduler_AppDatabase: [2025-08-10 20:31:33.369][V] Query: SELECT * FROM alarms WHERE userDismissed = 0 AND alarmTimeUtc > ? ORDER BY alarmTimeUtc ASC with args: [1754883093369]
08-10 20:31:33.388 26009 26009 W HWUI    : Image decoding logging dropped!
